// Jest Snapshot v1, https://goo.gl/fbAQLP

exports[`matches snapshot 1`] = `
<DocumentFragment>
  <form>
    <label
      for="firstName"
    >
      First Name:
    </label>
    <input
      id="firstName"
      name="firstName"
      placeholder="First Name"
      type="text"
      value=""
    />
    <label
      for="lastName"
    >
      Last Name:
    </label>
    <input
      id="lastName"
      name="lastName"
      placeholder="Last Name"
      type="text"
      value=""
    />
    <label
      for="username"
    >
      Username:
    </label>
    <input
      id="username"
      name="username"
      placeholder="Username"
      type="text"
      value=""
    />
    <label
      for="password"
    >
      Password:
    </label>
    <input
      id="password"
      name="password"
      placeholder="Password"
      type="text"
      value=""
    />
    <label
      for="email"
    >
      Email:
    </label>
    <input
      id="email"
      name="email"
      placeholder="Email"
      type="text"
      value=""
    />
    <button
      id="submit"
    >
      Submit
    </button>
  </form>
</DocumentFragment>
`;
