// Jest Snapshot v1, https://goo.gl/fbAQLP

exports[`matches snapshot 1`] = `
<DocumentFragment>
  <div
    class="card-body"
  >
    <a
      class="RecipeCard card"
      href="/recipes/id/undefined"
    >
      <h4 />
      <h5 />
      <p />
    </a>
  </div>
</DocumentFragment>
`;
